exports[`test renders correctly 1`] = `
<button
  className="btn btn-default active"
  disabled={false}
  onClick={[Function]}
  title="bold"
  type="button">
  <span
    aria-hidden={true}
    className="fa fa-bold" />
</button>
`;
